https://calendar.google.com/calendar/render?action=TEMPLATE&dates=20240125/20240130&ctz=UTC&text=All+day+bugs&details=Testing+all+day