https://calendar.google.com/calendar/render?action=TEMPLATE&dates=20240125/20240201&ctz=Pacific/Wake&text=All+day+bugs&details=Testing+all+day