BEGIN:VCALENDAR
VERSION:2.0
PRODID:Spatie calendar-links
BEGIN:VEVENT
UID:8fe3eececcd6b020db3b47ef55e7cf89
SUMMARY:All day bugs
DTSTAMP:20240125
DTSTART:20240125
DURATION:P6D
DESCRIPTION:Testing all day
END:VEVENT
END:VCALENDAR