BEGIN:VCALENDAR
VERSION:2.0
PRODID:Spatie calendar-links
BEGIN:VEVENT
UID:a05fc4dac68ae6064aaae69dcdfd60a6
SUMMARY:All day bugs
DTSTAMP:20240125
DTSTART:20240125
DURATION:P5D
DESCRIPTION:Testing all day
END:VEVENT
END:VCALENDAR